{
    "HtmlDirective 1/2 &é\"'(-è_çà)=$^ù!:;,}@^`[{#~@Ùô": "My directive translation",
    "HtmlDirective 2/2": null,
    "HtmlDirectiveDoubleQuoteStandalone": "test 02",
    "HtmlDirectiveKeyFromText": null,
    "HtmlDirectivePluralFirst": "{NB, plural, one{HtmlDirectivePluralFirst for one!} other{# HtmlDirectivePluralFirst for others!}}",
    "HtmlDirectivePluralSecond": "{NB, plural, one{HtmlDirectivePluralSecond for one!} other{# HtmlDirectivePluralSecond for others!}}",
    "HtmlDirectiveSimpleQuoteStandalone": "test 01",
    "HtmlDirectiveStandalone": null,
    "HtmlFilterDoubleQuote{} interp\"olation {{xx}}": null,
    "HtmlFilterDoubleQuote{} on same line 2/2": null,
    "HtmlFilterDoubleQuote{} {{var}}on same line 1/2": null,
    "HtmlFilterSimpleQuoteOneTimeBinding": null,
    "HtmlNgBindHtml Key ' 1/1": null,
    "JavascriptFilter 1/2 with var \"{name}\"": "my {name} javascript filter",
    "JavascriptFilter 2/2 without var": null,
    "JavascriptServiceArrayDoubleQuote 1/2 without var.": null,
    "JavascriptServiceArrayDoubleQuote 2/2 without var.": null,
    "JavascriptServiceArraySimpleQuote 1/2 without var.": null,
    "JavascriptServiceArraySimpleQuote 2/2 without var.": null,
    "JavascriptServiceDoubleQuote 2/2 with var \"{name}\".": null,
    "JavascriptServiceInstantDoubleQuote 2/2 with var \"{name}\".": null,
    "JavascriptServiceInstantSimpleQuote 1/2 with var \"{name}\".": null,
    "JavascriptServiceSimpleQuote 1/2 with var \"{name}\".": null,
    "NONAMESPACE": null,
    "SUB.NAMESPACE.VAL 1": null,
    "SUB.NAMESPACE.VAL 2": null,
    "SUB.NS.VAL 1": null,
    "SUB.NS.VAL 1.test 2": null,
    "SUB.NS.VAL 1.test1": null,
    "SUB.NS.VAL 2": null,
    "SUB.NS.vAL 0": null,
    "all.tato.tIiti": null,
    "all.tato.tZti": null,
    "all.tato.tati": null,
    "all.tato.tbti": null,
    "all.tato.tdti": null,
    "all.tato.tzti": null,
    "all.toto.titi": null,
    "myDoubleQuotedCommentTranslation \"e\"s\"": null,
    "mySingleQ'uotedCommentTranslation '": null
}
