{
    "HtmlFilterSimpleQuoteOneTimeBinding": "HtmlFilterSimpleQuoteOneTimeBinding",
    "HtmlFilterDoubleQuote{} interp\"olation {{xx}}": "HtmlFilterDoubleQuote{} interp\"olation {{xx}}",
    "HtmlFilterDoubleQuote{} {{var}}on same line 1/2": "HtmlFilterDoubleQuote{} {{var}}on same line 1/2",
    "HtmlFilterDoubleQuote{} on same line 2/2": "HtmlFilterDoubleQuote{} on same line 2/2",
    "HtmlDirectiveKeyFromText": "HtmlDirectiveKeyFromText",
    "HtmlDirective 1/2 &é\"'(-è_çà)=$^ù!:;,}@^`[{#~@Ùô": "HtmlDirective 1/2 &é\"'(-è_çà)=$^ù!:;,}@^`[{#~@Ùô",
    "HtmlDirective 2/2": "HtmlDirective 2/2",
    "HtmlDirectiveSimpleQuoteStandalone": "test 01",
    "HtmlDirectivePluralSecond": "{NB, plural, one{HtmlDirectivePluralSecond for one!} other{# HtmlDirectivePluralSecond for others!}}",
    "HtmlDirectivePluralFirst": "{NB, plural, one{HtmlDirectivePluralFirst for one!} other{# HtmlDirectivePluralFirst for others!}}",
    "HtmlDirectiveStandalone": "HtmlDirectiveStandalone",
    "HtmlDirectiveDoubleQuoteStandalone": "test 02",
    "HtmlNgBindHtml Key ' 1/1": "HtmlNgBindHtml Key ' 1/1",
    "NONAMESPACE": "NONAMESPACE",
    "SUB.NAMESPACE.VAL 1": "SUB.NAMESPACE.VAL 1",
    "SUB.NAMESPACE.VAL 2": "SUB.NAMESPACE.VAL 2",
    "SUB.NS.VAL 1": "SUB.NS.VAL 1",
    "SUB.NS.VAL 2": "SUB.NS.VAL 2",
    "SUB.NS.VAL 1.test1": "SUB.NS.VAL 1.test1",
    "SUB.NS.VAL 1.test 2": "SUB.NS.VAL 1.test 2",
    "SUB.NS.vAL 0": "SUB.NS.vAL 0",
    "all.toto.titi": "all.toto.titi",
    "all.tato.tIiti": "all.tato.tIiti",
    "all.tato.tati": "all.tato.tati",
    "all.tato.tbti": "all.tato.tbti",
    "all.tato.tZti": "all.tato.tZti",
    "all.tato.tdti": "all.tato.tdti",
    "all.tato.tzti": "all.tato.tzti",
    "mySingleQ'uotedCommentTranslation '": "mySingleQ'uotedCommentTranslation '",
    "myDoubleQuotedCommentTranslation \"e\"s\"": "myDoubleQuotedCommentTranslation \"e\"s\"",
    "JavascriptServiceSimpleQuote 1/2 with var \"{name}\".": "JavascriptServiceSimpleQuote 1/2 with var \"{name}\".",
    "JavascriptServiceDoubleQuote 2/2 with var \"{name}\".": "JavascriptServiceDoubleQuote 2/2 with var \"{name}\".",
    "JavascriptServiceArraySimpleQuote 1/2 without var.": "JavascriptServiceArraySimpleQuote 1/2 without var.",
    "JavascriptServiceArraySimpleQuote 2/2 without var.": "JavascriptServiceArraySimpleQuote 2/2 without var.",
    "JavascriptServiceArrayDoubleQuote 1/2 without var.": "JavascriptServiceArrayDoubleQuote 1/2 without var.",
    "JavascriptServiceArrayDoubleQuote 2/2 without var.": "JavascriptServiceArrayDoubleQuote 2/2 without var.",
    "JavascriptServiceInstantSimpleQuote 1/2 with var \"{name}\".": "JavascriptServiceInstantSimpleQuote 1/2 with var \"{name}\".",
    "JavascriptServiceInstantDoubleQuote 2/2 with var \"{name}\".": "JavascriptServiceInstantDoubleQuote 2/2 with var \"{name}\".",
    "JavascriptFilter 1/2 with var \"{name}\"": "JavascriptFilter 1/2 with var \"{name}\"",
    "JavascriptFilter 2/2 without var": "JavascriptFilter 2/2 without var"
}
