{
    "HtmlDirective 1/2 &é\"'(-è_çà)=$^ù!:;,}@^`[{#~@Ùô": "",
    "HtmlDirective 2/2": "",
    "HtmlDirectiveDoubleQuoteStandalone": "test 02",
    "HtmlDirectiveKeyFromText": "",
    "HtmlDirectivePluralFirst": "{NB, plural, one{HtmlDirectivePluralFirst for one!} other{# HtmlDirectivePluralFirst for others!}}",
    "HtmlDirectivePluralSecond": "{NB, plural, one{HtmlDirectivePluralSecond for one!} other{# HtmlDirectivePluralSecond for others!}}",
    "HtmlDirectiveSimpleQuoteStandalone": "test 01",
    "HtmlDirectiveStandalone": "",
    "HtmlFilterDoubleQuote{} interp\"olation {{xx}}": "",
    "HtmlFilterDoubleQuote{} on same line 2/2": "",
    "HtmlFilterDoubleQuote{} {{var}}on same line 1/2": "",
    "HtmlFilterSimpleQuoteOneTimeBinding": "",
    "HtmlNgBindHtml Key ' 1/1": "",
    "JavascriptFilter 1/2 with var \"{name}\"": "",
    "JavascriptFilter 2/2 without var": "",
    "JavascriptServiceArrayDoubleQuote 1/2 without var.": "",
    "JavascriptServiceArrayDoubleQuote 2/2 without var.": "",
    "JavascriptServiceArraySimpleQuote 1/2 without var.": "",
    "JavascriptServiceArraySimpleQuote 2/2 without var.": "",
    "JavascriptServiceDoubleQuote 2/2 with var \"{name}\".": "",
    "JavascriptServiceInstantDoubleQuote 2/2 with var \"{name}\".": "",
    "JavascriptServiceInstantSimpleQuote 1/2 with var \"{name}\".": "",
    "JavascriptServiceSimpleQuote 1/2 with var \"{name}\".": "",
    "NONAMESPACE": "",
    "SUB.NAMESPACE.VAL 1": "",
    "SUB.NAMESPACE.VAL 2": "",
    "SUB.NS.VAL 1": "",
    "SUB.NS.VAL 1.test 2": "",
    "SUB.NS.VAL 1.test1": "",
    "SUB.NS.VAL 2": "",
    "SUB.NS.vAL 0": "",
    "all.tato.tIiti": "",
    "all.tato.tZti": "",
    "all.tato.tati": "",
    "all.tato.tbti": "",
    "all.tato.tdti": "",
    "all.tato.tzti": "",
    "all.toto.titi": "",
    "myDoubleQuotedCommentTranslation \"e\"s\"": "",
    "mySingleQ'uotedCommentTranslation '": ""
}
