{
    "NONAMESPACE": "",
    "SUB": {
        "NAMESPACE": {
            "VAL 1": "",
            "VAL 2": ""
        },
        "NS": {
            "VAL 1": {
                "test 2": "",
                "test1": ""
            },
            "VAL 2": ""
        }
    }
}
