{
    "NONAMESPACE": null,
    "SUB": {
        "NAMESPACE": {
            "VAL 1": null,
            "VAL 2": null
        },
        "NS": {
            "VAL 2": null,
            "VAL 1": {
                "test1": null,
                "test 2": null
            }
        }
    }
}
