{
    "NONAMESPACE": "NONAMESPACE",
    "SUB": {
        "NAMESPACE": {
            "VAL 1": "SUB.NAMESPACE.VAL 1",
            "VAL 2": "SUB.NAMESPACE.VAL 2"
        },
        "NS": {
            "VAL 2": "SUB.NS.VAL 2",
            "VAL 1": {
                "test1": "SUB.NS.VAL 1.test1",
                "test 2": "SUB.NS.VAL 1.test 2"
            }
        }
    }
}
