{
    "all": {
        "tato": {
            "tati": "all.tato.tati",
            "tbti": "all.tato.tbti",
            "tdti": "all.tato.tdti",
            "tIiti": "all.tato.tIiti",
            "tzti": "all.tato.tzti",
            "tZti": "all.tato.tZti"
        },
        "toto": {
            "titi": "all.toto.titi"
        }
    },
    "SUB": {
        "NAMESPACE": {
            "VAL 1": "My default SUB.NAMESPACE.VAL 1",
            "VAL 2": "Waouhh!"
        },
        "NS": {
            "vAL 0": "SUB.NS.vAL 0",
            "VAL 1": {
                "test 2": "SUB.NS.VAL 1.test 2",
                "test1": "SUB.NS.VAL 1.test1"
            },
            "VAL 2": "SUB.NS.VAL 2"
        }
    }
}
