{
    "COMMON": {
        "A_TRANSLATION": "Just a translation",
        "A_TRUE_LINK": "@:COMMON.A_TRANSLATION",
        "A_VIRTUAL_LINK": "@:COMMON.A_VIRTUAL_TRANSLATION",
        "A_VIRTUAL_TRANSLATION": "A virtual translation"
    }
}
