{
    "This is text to translate": "This is text to translate",
    "But I want to have the text as a key": "But I want to have the text as a key",
    "For example this paragraph will be a key and value for default language": "For example this paragraph will be a key and value for default language"
}
