{
    "New \\\"user 03": "",
    "New user 02": "",
    "New user 04": "",
    "New user 05": "",
    "New user 06": "",
    "TEST.Update.01": "",
    "TEST.Update.New user 01": "",
    "Update 02": "",
    "Update 03": "",
    "Update 04": "",
    "Update 05": "",
    "Update \\' 06": ""
}
